00:00 +0: loading /Users/mehmetaliisik/Desktop/lessontracker/app/test/screens/home_screen_test.dart                                                                                                    00:01 +0: loading /Users/mehmetaliisik/Desktop/lessontracker/app/test/screens/home_screen_test.dart                                                                                                    00:01 +0: (setUpAll)                                                                                                                                                                                   00:01 +0: HomeScreen Integration Tests Renders empty states correctly                                                                                                                                  00:02 +0: HomeScreen Integration Tests Renders empty states correctly                                                                                                                                  00:02 +0: HomeScreen Integration Tests Renders empty states correctly                                                                                                                                  
══╡ EXCEPTION CAUGHT BY WIDGETS LIBRARY ╞═══════════════════════════════════════════════════════════
The following _TypeError was thrown building MoodleHubScreen(dirty, dependencies:
[InheritedCupertinoTheme, _InheritedProviderScope<MoodleProvider?>, _InheritedTheme,
_LocalizationsScope-[GlobalKey#fc590]], state: _MoodleHubScreenState#b6508(ticker inactive)):
type 'Null' is not a subtype of type 'bool'

The relevant error-causing widget was:
  MoodleHubScreen
  MoodleHubScreen:file:///Users/mehmetaliisik/Desktop/lessontracker/app/lib/screens/home/home_screen.dart:330:25

When the exception was thrown, this was the stack:
#0      MockMoodleProvider.isLoading (file:///Users/mehmetaliisik/Desktop/lessontracker/app/test/screens/home_screen_test.dart:31:7)
#1      _MoodleHubScreenState.build (package:lesson_tracker/screens/moodle/moodle_hub_screen.dart:53:19)
#2      StatefulElement.build (package:flutter/src/widgets/framework.dart:5934:27)
#3      ComponentElement.performRebuild (package:flutter/src/widgets/framework.dart:5820:15)
#4      StatefulElement.performRebuild (package:flutter/src/widgets/framework.dart:5985:11)
#5      Element.rebuild (package:flutter/src/widgets/framework.dart:5532:7)
#6      ComponentElement._firstBuild (package:flutter/src/widgets/framework.dart:5802:5)
#7      StatefulElement._firstBuild (package:flutter/src/widgets/framework.dart:5976:11)
#8      ComponentElement.mount (package:flutter/src/widgets/framework.dart:5796:5)
...     Normal element mounting (39 frames)
#47     Element.inflateWidget (package:flutter/src/widgets/framework.dart:4590:20)
#48     MultiChildRenderObjectElement.inflateWidget (package:flutter/src/widgets/framework.dart:7269:36)
#49     MultiChildRenderObjectElement.mount (package:flutter/src/widgets/framework.dart:7285:32)
...     Normal element mounting (13 frames)
#62     Element.inflateWidget (package:flutter/src/widgets/framework.dart:4590:20)
#63     MultiChildRenderObjectElement.inflateWidget (package:flutter/src/widgets/framework.dart:7269:36)
#64     MultiChildRenderObjectElement.mount (package:flutter/src/widgets/framework.dart:7285:32)
...     Normal element mounting (40 frames)
#104    Element.inflateWidget (package:flutter/src/widgets/framework.dart:4590:20)
#105    MultiChildRenderObjectElement.inflateWidget (package:flutter/src/widgets/framework.dart:7269:36)
#106    MultiChildRenderObjectElement.mount (package:flutter/src/widgets/framework.dart:7285:32)
...     Normal element mounting (372 frames)
#478    Element.inflateWidget (package:flutter/src/widgets/framework.dart:4590:20)
#479    MultiChildRenderObjectElement.inflateWidget (package:flutter/src/widgets/framework.dart:7269:36)
#480    MultiChildRenderObjectElement.mount (package:flutter/src/widgets/framework.dart:7285:32)
...     Normal element mounting (471 frames)
#951    _InheritedProviderScopeElement.mount (package:provider/src/inherited_provider.dart:424:11)
...     Normal element mounting (7 frames)
#958    _InheritedProviderScopeElement.mount (package:provider/src/inherited_provider.dart:424:11)
...     Normal element mounting (7 frames)
#965    _InheritedProviderScopeElement.mount (package:provider/src/inherited_provider.dart:424:11)
...     Normal element mounting (7 frames)
#972    _InheritedProviderScopeElement.mount (package:provider/src/inherited_provider.dart:424:11)
...     Normal element mounting (7 frames)
#979    _InheritedProviderScopeElement.mount (package:provider/src/inherited_provider.dart:424:11)
...     Normal element mounting (7 frames)
#986    _InheritedProviderScopeElement.mount (package:provider/src/inherited_provider.dart:424:11)
...     Normal element mounting (7 frames)
#993    _InheritedProviderScopeElement.mount (package:provider/src/inherited_provider.dart:424:11)
...     Normal element mounting (7 frames)
#1000   _InheritedProviderScopeElement.mount (package:provider/src/inherited_provider.dart:424:11)
...     Normal element mounting (7 frames)
#1007   _InheritedProviderScopeElement.mount (package:provider/src/inherited_provider.dart:424:11)
...     Normal element mounting (7 frames)
#1014   SingleChildWidgetElementMixin.mount (package:nested/nested.dart:222:11)
...     Normal element mounting (7 frames)
#1021   _NestedHookElement.mount (package:nested/nested.dart:187:11)
...     Normal element mounting (7 frames)
#1028   SingleChildWidgetElementMixin.mount (package:nested/nested.dart:222:11)
#1029   Element.inflateWidget (package:flutter/src/widgets/framework.dart:4590:20)
#1030   Element.updateChild (package:flutter/src/widgets/framework.dart:4053:20)
#1031   ComponentElement.performRebuild (package:flutter/src/widgets/framework.dart:5844:16)
#1032   Element.rebuild (package:flutter/src/widgets/framework.dart:5532:7)
#1033   ProxyElement.update (package:flutter/src/widgets/framework.dart:6152:5)
#1034   _InheritedNotifierElement.update (package:flutter/src/widgets/inherited_notifier.dart:108:11)
#1035   Element.updateChild (package:flutter/src/widgets/framework.dart:4037:15)
#1036   ComponentElement.performRebuild (package:flutter/src/widgets/framework.dart:5844:16)
#1037   StatefulElement.performRebuild (package:flutter/src/widgets/framework.dart:5985:11)
#1038   Element.rebuild (package:flutter/src/widgets/framework.dart:5532:7)
#1039   StatefulElement.update (package:flutter/src/widgets/framework.dart:6010:5)
#1040   Element.updateChild (package:flutter/src/widgets/framework.dart:4037:15)
#1041   ComponentElement.performRebuild (package:flutter/src/widgets/framework.dart:5844:16)
#1042   Element.rebuild (package:flutter/src/widgets/framework.dart:5532:7)
#1043   ProxyElement.update (package:flutter/src/widgets/framework.dart:6152:5)
#1044   _InheritedNotifierElement.update (package:flutter/src/widgets/inherited_notifier.dart:108:11)
#1045   Element.updateChild (package:flutter/src/widgets/framework.dart:4037:15)
#1046   ComponentElement.performRebuild (package:flutter/src/widgets/framework.dart:5844:16)
#1047   StatefulElement.performRebuild (package:flutter/src/widgets/framework.dart:5985:11)
#1048   Element.rebuild (package:flutter/src/widgets/framework.dart:5532:7)
#1049   StatefulElement.update (package:flutter/src/widgets/framework.dart:6010:5)
#1050   Element.updateChild (package:flutter/src/widgets/framework.dart:4037:15)
#1051   ComponentElement.performRebuild (package:flutter/src/widgets/framework.dart:5844:16)
#1052   StatefulElement.performRebuild (package:flutter/src/widgets/framework.dart:5985:11)
#1053   Element.rebuild (package:flutter/src/widgets/framework.dart:5532:7)
#1054   StatefulElement.update (package:flutter/src/widgets/framework.dart:6010:5)
#1055   Element.updateChild (package:flutter/src/widgets/framework.dart:4037:15)
#1056   ComponentElement.performRebuild (package:flutter/src/widgets/framework.dart:5844:16)
#1057   Element.rebuild (package:flutter/src/widgets/framework.dart:5532:7)
#1058   ProxyElement.update (package:flutter/src/widgets/framework.dart:6152:5)
#1059   Element.updateChild (package:flutter/src/widgets/framework.dart:4037:15)
#1060   ComponentElement.performRebuild (package:flutter/src/widgets/framework.dart:5844:16)
#1061   StatefulElement.performRebuild (package:flutter/src/widgets/framework.dart:5985:11)
#1062   Element.rebuild (package:flutter/src/widgets/framework.dart:5532:7)
#1063   StatefulElement.update (package:flutter/src/widgets/framework.dart:6010:5)
#1064   Element.updateChild (package:flutter/src/widgets/framework.dart:4037:15)
#1065   ComponentElement.performRebuild (package:flutter/src/widgets/framework.dart:5844:16)
#1066   Element.rebuild (package:flutter/src/widgets/framework.dart:5532:7)
#1067   ProxyElement.update (package:flutter/src/widgets/framework.dart:6152:5)
#1068   Element.updateChild (package:flutter/src/widgets/framework.dart:4037:15)
#1069   ComponentElement.performRebuild (package:flutter/src/widgets/framework.dart:5844:16)
#1070   Element.rebuild (package:flutter/src/widgets/framework.dart:5532:7)
#1071   ProxyElement.update (package:flutter/src/widgets/framework.dart:6152:5)
#1072   Element.updateChild (package:flutter/src/widgets/framework.dart:4037:15)
#1073   _RawViewElement._updateChild (package:flutter/src/widgets/view.dart:481:16)
#1074   _RawViewElement.update (package:flutter/src/widgets/view.dart:568:5)
#1075   Element.updateChild (package:flutter/src/widgets/framework.dart:4037:15)
#1076   ComponentElement.performRebuild (package:flutter/src/widgets/framework.dart:5844:16)
#1077   Element.rebuild (package:flutter/src/widgets/framework.dart:5532:7)
#1078   StatelessElement.update (package:flutter/src/widgets/framework.dart:5898:5)
#1079   Element.updateChild (package:flutter/src/widgets/framework.dart:4037:15)
#1080   ComponentElement.performRebuild (package:flutter/src/widgets/framework.dart:5844:16)
#1081   StatefulElement.performRebuild (package:flutter/src/widgets/framework.dart:5985:11)
#1082   Element.rebuild (package:flutter/src/widgets/framework.dart:5532:7)
#1083   StatefulElement.update (package:flutter/src/widgets/framework.dart:6010:5)
#1084   Element.updateChild (package:flutter/src/widgets/framework.dart:4037:15)
#1085   RootElement._rebuild (package:flutter/src/widgets/binding.dart:1782:16)
#1086   RootElement.update (package:flutter/src/widgets/binding.dart:1760:5)
#1087   RootElement.performRebuild (package:flutter/src/widgets/binding.dart:1774:7)
#1088   Element.rebuild (package:flutter/src/widgets/framework.dart:5532:7)
#1089   BuildScope._tryRebuild (package:flutter/src/widgets/framework.dart:2750:15)
#1090   BuildScope._flushDirtyElements (package:flutter/src/widgets/framework.dart:2807:11)
#1091   BuildOwner.buildScope (package:flutter/src/widgets/framework.dart:3111:18)
#1092   AutomatedTestWidgetsFlutterBinding.drawFrame (package:flutter_test/src/binding.dart:1506:19)
#1093   RendererBinding._handlePersistentFrameCallback (package:flutter/src/rendering/binding.dart:495:5)
#1094   SchedulerBinding._invokeFrameCallback (package:flutter/src/scheduler/binding.dart:1434:15)
#1095   SchedulerBinding.handleDrawFrame (package:flutter/src/scheduler/binding.dart:1347:9)
#1096   AutomatedTestWidgetsFlutterBinding.pump.<anonymous closure> (package:flutter_test/src/binding.dart:1335:9)
#1099   TestAsyncUtils.guard (package:flutter_test/src/test_async_utils.dart:74:41)
#1100   AutomatedTestWidgetsFlutterBinding.pump (package:flutter_test/src/binding.dart:1324:27)
#1101   WidgetTester.pumpWidget.<anonymous closure> (package:flutter_test/src/widget_tester.dart:598:22)
#1104   TestAsyncUtils.guard (package:flutter_test/src/test_async_utils.dart:74:41)
#1105   WidgetTester.pumpWidget (package:flutter_test/src/widget_tester.dart:595:27)
#1106   main.<anonymous closure>.<anonymous closure> (file:///Users/mehmetaliisik/Desktop/lessontracker/app/test/screens/home_screen_test.dart:135:20)
#1107   testWidgets.<anonymous closure>.<anonymous closure> (package:flutter_test/src/widget_tester.dart:192:29)
<asynchronous suspension>
#1108   TestWidgetsFlutterBinding._runTestBody (package:flutter_test/src/binding.dart:1059:5)
<asynchronous suspension>
<asynchronous suspension>
(elided 5 frames from dart:async and package:stack_trace)

════════════════════════════════════════════════════════════════════════════════════════════════════
══╡ EXCEPTION CAUGHT BY WIDGETS LIBRARY ╞═══════════════════════════════════════════════════════════
The following _TypeError was thrown building Consumer<MoodleProvider>(dirty, dependencies:
[_InheritedProviderScope<MoodleProvider?>]):
type 'Null' is not a subtype of type 'int'

The relevant error-causing widget was:
  Consumer<MoodleProvider>
  Consumer:file:///Users/mehmetaliisik/Desktop/lessontracker/app/lib/screens/home/widgets/home_bottom_nav.dart:71:24

When the exception was thrown, this was the stack:
#0      MockMoodleProvider.unreadCount (file:///Users/mehmetaliisik/Desktop/lessontracker/app/test/screens/home_screen_test.dart:31:7)
#1      HomeBottomNav.build.<anonymous closure> (package:lesson_tracker/screens/home/widgets/home_bottom_nav.dart:76:40)
#2      Consumer.buildWithChild (package:provider/src/consumer.dart:179:19)
#3      SingleChildStatelessWidget.build (package:nested/nested.dart:259:41)
#4      StatelessElement.build (package:flutter/src/widgets/framework.dart:5892:49)
#5      SingleChildStatelessElement.build (package:nested/nested.dart:279:18)
#6      ComponentElement.performRebuild (package:flutter/src/widgets/framework.dart:5820:15)
#7      Element.rebuild (package:flutter/src/widgets/framework.dart:5532:7)
#8      ComponentElement._firstBuild (package:flutter/src/widgets/framework.dart:5802:5)
#9      ComponentElement.mount (package:flutter/src/widgets/framework.dart:5796:5)
#10     SingleChildWidgetElementMixin.mount (package:nested/nested.dart:222:11)
...     Normal element mounting (7 frames)
#17     Element.inflateWidget (package:flutter/src/widgets/framework.dart:4590:20)
#18     MultiChildRenderObjectElement.inflateWidget (package:flutter/src/widgets/framework.dart:7269:36)
#19     MultiChildRenderObjectElement.mount (package:flutter/src/widgets/framework.dart:7285:32)
...     Normal element mounting (58 frames)
#77     Element.inflateWidget (package:flutter/src/widgets/framework.dart:4590:20)
#78     MultiChildRenderObjectElement.inflateWidget (package:flutter/src/widgets/framework.dart:7269:36)
#79     MultiChildRenderObjectElement.mount (package:flutter/src/widgets/framework.dart:7285:32)
...     Normal element mounting (372 frames)
#451    Element.inflateWidget (package:flutter/src/widgets/framework.dart:4590:20)
#452    MultiChildRenderObjectElement.inflateWidget (package:flutter/src/widgets/framework.dart:7269:36)
#453    MultiChildRenderObjectElement.mount (package:flutter/src/widgets/framework.dart:7285:32)
...     Normal element mounting (471 frames)
#924    _InheritedProviderScopeElement.mount (package:provider/src/inherited_provider.dart:424:11)
...     Normal element mounting (7 frames)
#931    _InheritedProviderScopeElement.mount (package:provider/src/inherited_provider.dart:424:11)
...     Normal element mounting (7 frames)
#938    _InheritedProviderScopeElement.mount (package:provider/src/inherited_provider.dart:424:11)
...     Normal element mounting (7 frames)
#945    _InheritedProviderScopeElement.mount (package:provider/src/inherited_provider.dart:424:11)
...     Normal element mounting (7 frames)
#952    _InheritedProviderScopeElement.mount (package:provider/src/inherited_provider.dart:424:11)
...     Normal element mounting (7 frames)
#959    _InheritedProviderScopeElement.mount (package:provider/src/inherited_provider.dart:424:11)
...     Normal element mounting (7 frames)
#966    _InheritedProviderScopeElement.mount (package:provider/src/inherited_provider.dart:424:11)
...     Normal element mounting (7 frames)
#973    _InheritedProviderScopeElement.mount (package:provider/src/inherited_provider.dart:424:11)
...     Normal element mounting (7 frames)
#980    _InheritedProviderScopeElement.mount (package:provider/src/inherited_provider.dart:424:11)
...     Normal element mounting (7 frames)
#987    SingleChildWidgetElementMixin.mount (package:nested/nested.dart:222:11)
...     Normal element mounting (7 frames)
#994    _NestedHookElement.mount (package:nested/nested.dart:187:11)
...     Normal element mounting (7 frames)
#1001   SingleChildWidgetElementMixin.mount (package:nested/nested.dart:222:11)
#1002   Element.inflateWidget (package:flutter/src/widgets/framework.dart:4590:20)
#1003   Element.updateChild (package:flutter/src/widgets/framework.dart:4053:20)
#1004   ComponentElement.performRebuild (package:flutter/src/widgets/framework.dart:5844:16)
#1005   Element.rebuild (package:flutter/src/widgets/framework.dart:5532:7)
#1006   ProxyElement.update (package:flutter/src/widgets/framework.dart:6152:5)
#1007   _InheritedNotifierElement.update (package:flutter/src/widgets/inherited_notifier.dart:108:11)
#1008   Element.updateChild (package:flutter/src/widgets/framework.dart:4037:15)
#1009   ComponentElement.performRebuild (package:flutter/src/widgets/framework.dart:5844:16)
#1010   StatefulElement.performRebuild (package:flutter/src/widgets/framework.dart:5985:11)
#1011   Element.rebuild (package:flutter/src/widgets/framework.dart:5532:7)
#1012   StatefulElement.update (package:flutter/src/widgets/framework.dart:6010:5)
#1013   Element.updateChild (package:flutter/src/widgets/framework.dart:4037:15)
#1014   ComponentElement.performRebuild (package:flutter/src/widgets/framework.dart:5844:16)
#1015   Element.rebuild (package:flutter/src/widgets/framework.dart:5532:7)
#1016   ProxyElement.update (package:flutter/src/widgets/framework.dart:6152:5)
#1017   _InheritedNotifierElement.update (package:flutter/src/widgets/inherited_notifier.dart:108:11)
#1018   Element.updateChild (package:flutter/src/widgets/framework.dart:4037:15)
#1019   ComponentElement.performRebuild (package:flutter/src/widgets/framework.dart:5844:16)
#1020   StatefulElement.performRebuild (package:flutter/src/widgets/framework.dart:5985:11)
#1021   Element.rebuild (package:flutter/src/widgets/framework.dart:5532:7)
#1022   StatefulElement.update (package:flutter/src/widgets/framework.dart:6010:5)
#1023   Element.updateChild (package:flutter/src/widgets/framework.dart:4037:15)
#1024   ComponentElement.performRebuild (package:flutter/src/widgets/framework.dart:5844:16)
#1025   StatefulElement.performRebuild (package:flutter/src/widgets/framework.dart:5985:11)
#1026   Element.rebuild (package:flutter/src/widgets/framework.dart:5532:7)
#1027   StatefulElement.update (package:flutter/src/widgets/framework.dart:6010:5)
#1028   Element.updateChild (package:flutter/src/widgets/framework.dart:4037:15)
#1029   ComponentElement.performRebuild (package:flutter/src/widgets/framework.dart:5844:16)
#1030   Element.rebuild (package:flutter/src/widgets/framework.dart:5532:7)
#1031   ProxyElement.update (package:flutter/src/widgets/framework.dart:6152:5)
#1032   Element.updateChild (package:flutter/src/widgets/framework.dart:4037:15)
#1033   ComponentElement.performRebuild (package:flutter/src/widgets/framework.dart:5844:16)
#1034   StatefulElement.performRebuild (package:flutter/src/widgets/framework.dart:5985:11)
#1035   Element.rebuild (package:flutter/src/widgets/framework.dart:5532:7)
#1036   StatefulElement.update (package:flutter/src/widgets/framework.dart:6010:5)
#1037   Element.updateChild (package:flutter/src/widgets/framework.dart:4037:15)
#1038   ComponentElement.performRebuild (package:flutter/src/widgets/framework.dart:5844:16)
#1039   Element.rebuild (package:flutter/src/widgets/framework.dart:5532:7)
#1040   ProxyElement.update (package:flutter/src/widgets/framework.dart:6152:5)
#1041   Element.updateChild (package:flutter/src/widgets/framework.dart:4037:15)
#1042   ComponentElement.performRebuild (package:flutter/src/widgets/framework.dart:5844:16)
#1043   Element.rebuild (package:flutter/src/widgets/framework.dart:5532:7)
#1044   ProxyElement.update (package:flutter/src/widgets/framework.dart:6152:5)
#1045   Element.updateChild (package:flutter/src/widgets/framework.dart:4037:15)
#1046   _RawViewElement._updateChild (package:flutter/src/widgets/view.dart:481:16)
#1047   _RawViewElement.update (package:flutter/src/widgets/view.dart:568:5)
#1048   Element.updateChild (package:flutter/src/widgets/framework.dart:4037:15)
#1049   ComponentElement.performRebuild (package:flutter/src/widgets/framework.dart:5844:16)
#1050   Element.rebuild (package:flutter/src/widgets/framework.dart:5532:7)
#1051   StatelessElement.update (package:flutter/src/widgets/framework.dart:5898:5)
#1052   Element.updateChild (package:flutter/src/widgets/framework.dart:4037:15)
#1053   ComponentElement.performRebuild (package:flutter/src/widgets/framework.dart:5844:16)
#1054   StatefulElement.performRebuild (package:flutter/src/widgets/framework.dart:5985:11)
#1055   Element.rebuild (package:flutter/src/widgets/framework.dart:5532:7)
#1056   StatefulElement.update (package:flutter/src/widgets/framework.dart:6010:5)
#1057   Element.updateChild (package:flutter/src/widgets/framework.dart:4037:15)
#1058   RootElement._rebuild (package:flutter/src/widgets/binding.dart:1782:16)
#1059   RootElement.update (package:flutter/src/widgets/binding.dart:1760:5)
#1060   RootElement.performRebuild (package:flutter/src/widgets/binding.dart:1774:7)
#1061   Element.rebuild (package:flutter/src/widgets/framework.dart:5532:7)
#1062   BuildScope._tryRebuild (package:flutter/src/widgets/framework.dart:2750:15)
#1063   BuildScope._flushDirtyElements (package:flutter/src/widgets/framework.dart:2807:11)
#1064   BuildOwner.buildScope (package:flutter/src/widgets/framework.dart:3111:18)
#1065   AutomatedTestWidgetsFlutterBinding.drawFrame (package:flutter_test/src/binding.dart:1506:19)
#1066   RendererBinding._handlePersistentFrameCallback (package:flutter/src/rendering/binding.dart:495:5)
#1067   SchedulerBinding._invokeFrameCallback (package:flutter/src/scheduler/binding.dart:1434:15)
#1068   SchedulerBinding.handleDrawFrame (package:flutter/src/scheduler/binding.dart:1347:9)
#1069   AutomatedTestWidgetsFlutterBinding.pump.<anonymous closure> (package:flutter_test/src/binding.dart:1335:9)
#1072   TestAsyncUtils.guard (package:flutter_test/src/test_async_utils.dart:74:41)
#1073   AutomatedTestWidgetsFlutterBinding.pump (package:flutter_test/src/binding.dart:1324:27)
#1074   WidgetTester.pumpWidget.<anonymous closure> (package:flutter_test/src/widget_tester.dart:598:22)
#1077   TestAsyncUtils.guard (package:flutter_test/src/test_async_utils.dart:74:41)
#1078   WidgetTester.pumpWidget (package:flutter_test/src/widget_tester.dart:595:27)
#1079   main.<anonymous closure>.<anonymous closure> (file:///Users/mehmetaliisik/Desktop/lessontracker/app/test/screens/home_screen_test.dart:135:20)
#1080   testWidgets.<anonymous closure>.<anonymous closure> (package:flutter_test/src/widget_tester.dart:192:29)
<asynchronous suspension>
#1081   TestWidgetsFlutterBinding._runTestBody (package:flutter_test/src/binding.dart:1059:5)
<asynchronous suspension>
<asynchronous suspension>
(elided 5 frames from dart:async and package:stack_trace)

════════════════════════════════════════════════════════════════════════════════════════════════════
══╡ EXCEPTION CAUGHT BY FLUTTER TEST FRAMEWORK ╞════════════════════════════════════════════════════
The following message was thrown:
Multiple exceptions (2) were detected during the running of the current test, and at least one was
unexpected.
════════════════════════════════════════════════════════════════════════════════════════════════════
00:02 +0 -1: HomeScreen Integration Tests Renders empty states correctly [E]                                                                                                                           
  Test failed. See exception logs above.
  The test description was: Renders empty states correctly
  

To run this test again: /Users/mehmetaliisik/development/flutter/bin/cache/dart-sdk/bin/dart test /Users/mehmetaliisik/Desktop/lessontracker/app/test/screens/home_screen_test.dart -p vm --plain-name 'HomeScreen Integration Tests Renders empty states correctly'
00:02 +0 -1: HomeScreen Integration Tests Renders ScheduleCard when there are classes today                                                                                                            00:02 +0 -1: HomeScreen Integration Tests Renders ScheduleCard when there are classes today                                                                                                            
══╡ EXCEPTION CAUGHT BY WIDGETS LIBRARY ╞═══════════════════════════════════════════════════════════
The following _TypeError was thrown building MoodleHubScreen(dirty, dependencies:
[InheritedCupertinoTheme, _InheritedProviderScope<MoodleProvider?>, _InheritedTheme,
_LocalizationsScope-[GlobalKey#72995]], state: _MoodleHubScreenState#bcb40(ticker inactive)):
type 'Null' is not a subtype of type 'bool'

The relevant error-causing widget was:
  MoodleHubScreen
  MoodleHubScreen:file:///Users/mehmetaliisik/Desktop/lessontracker/app/lib/screens/home/home_screen.dart:330:25

When the exception was thrown, this was the stack:
#0      MockMoodleProvider.isLoading (file:///Users/mehmetaliisik/Desktop/lessontracker/app/test/screens/home_screen_test.dart:31:7)
#1      _MoodleHubScreenState.build (package:lesson_tracker/screens/moodle/moodle_hub_screen.dart:53:19)
#2      StatefulElement.build (package:flutter/src/widgets/framework.dart:5934:27)
#3      ComponentElement.performRebuild (package:flutter/src/widgets/framework.dart:5820:15)
#4      StatefulElement.performRebuild (package:flutter/src/widgets/framework.dart:5985:11)
#5      Element.rebuild (package:flutter/src/widgets/framework.dart:5532:7)
#6      ComponentElement._firstBuild (package:flutter/src/widgets/framework.dart:5802:5)
#7      StatefulElement._firstBuild (package:flutter/src/widgets/framework.dart:5976:11)
#8      ComponentElement.mount (package:flutter/src/widgets/framework.dart:5796:5)
...     Normal element mounting (39 frames)
#47     Element.inflateWidget (package:flutter/src/widgets/framework.dart:4590:20)
#48     MultiChildRenderObjectElement.inflateWidget (package:flutter/src/widgets/framework.dart:7269:36)
#49     MultiChildRenderObjectElement.mount (package:flutter/src/widgets/framework.dart:7285:32)
...     Normal element mounting (13 frames)
#62     Element.inflateWidget (package:flutter/src/widgets/framework.dart:4590:20)
#63     MultiChildRenderObjectElement.inflateWidget (package:flutter/src/widgets/framework.dart:7269:36)
#64     MultiChildRenderObjectElement.mount (package:flutter/src/widgets/framework.dart:7285:32)
...     Normal element mounting (40 frames)
#104    Element.inflateWidget (package:flutter/src/widgets/framework.dart:4590:20)
#105    MultiChildRenderObjectElement.inflateWidget (package:flutter/src/widgets/framework.dart:7269:36)
#106    MultiChildRenderObjectElement.mount (package:flutter/src/widgets/framework.dart:7285:32)
...     Normal element mounting (372 frames)
#478    Element.inflateWidget (package:flutter/src/widgets/framework.dart:4590:20)
#479    MultiChildRenderObjectElement.inflateWidget (package:flutter/src/widgets/framework.dart:7269:36)
#480    MultiChildRenderObjectElement.mount (package:flutter/src/widgets/framework.dart:7285:32)
...     Normal element mounting (471 frames)
#951    _InheritedProviderScopeElement.mount (package:provider/src/inherited_provider.dart:424:11)
...     Normal element mounting (7 frames)
#958    _InheritedProviderScopeElement.mount (package:provider/src/inherited_provider.dart:424:11)
...     Normal element mounting (7 frames)
#965    _InheritedProviderScopeElement.mount (package:provider/src/inherited_provider.dart:424:11)
...     Normal element mounting (7 frames)
#972    _InheritedProviderScopeElement.mount (package:provider/src/inherited_provider.dart:424:11)
...     Normal element mounting (7 frames)
#979    _InheritedProviderScopeElement.mount (package:provider/src/inherited_provider.dart:424:11)
...     Normal element mounting (7 frames)
#986    _InheritedProviderScopeElement.mount (package:provider/src/inherited_provider.dart:424:11)
...     Normal element mounting (7 frames)
#993    _InheritedProviderScopeElement.mount (package:provider/src/inherited_provider.dart:424:11)
...     Normal element mounting (7 frames)
#1000   _InheritedProviderScopeElement.mount (package:provider/src/inherited_provider.dart:424:11)
...     Normal element mounting (7 frames)
#1007   _InheritedProviderScopeElement.mount (package:provider/src/inherited_provider.dart:424:11)
...     Normal element mounting (7 frames)
#1014   SingleChildWidgetElementMixin.mount (package:nested/nested.dart:222:11)
...     Normal element mounting (7 frames)
#1021   _NestedHookElement.mount (package:nested/nested.dart:187:11)
...     Normal element mounting (7 frames)
#1028   SingleChildWidgetElementMixin.mount (package:nested/nested.dart:222:11)
#1029   Element.inflateWidget (package:flutter/src/widgets/framework.dart:4590:20)
#1030   Element.updateChild (package:flutter/src/widgets/framework.dart:4053:20)
#1031   ComponentElement.performRebuild (package:flutter/src/widgets/framework.dart:5844:16)
#1032   Element.rebuild (package:flutter/src/widgets/framework.dart:5532:7)
#1033   ProxyElement.update (package:flutter/src/widgets/framework.dart:6152:5)
#1034   _InheritedNotifierElement.update (package:flutter/src/widgets/inherited_notifier.dart:108:11)
#1035   Element.updateChild (package:flutter/src/widgets/framework.dart:4037:15)
#1036   ComponentElement.performRebuild (package:flutter/src/widgets/framework.dart:5844:16)
#1037   StatefulElement.performRebuild (package:flutter/src/widgets/framework.dart:5985:11)
#1038   Element.rebuild (package:flutter/src/widgets/framework.dart:5532:7)
#1039   StatefulElement.update (package:flutter/src/widgets/framework.dart:6010:5)
#1040   Element.updateChild (package:flutter/src/widgets/framework.dart:4037:15)
#1041   ComponentElement.performRebuild (package:flutter/src/widgets/framework.dart:5844:16)
#1042   Element.rebuild (package:flutter/src/widgets/framework.dart:5532:7)
#1043   ProxyElement.update (package:flutter/src/widgets/framework.dart:6152:5)
#1044   _InheritedNotifierElement.update (package:flutter/src/widgets/inherited_notifier.dart:108:11)
#1045   Element.updateChild (package:flutter/src/widgets/framework.dart:4037:15)
#1046   ComponentElement.performRebuild (package:flutter/src/widgets/framework.dart:5844:16)
#1047   StatefulElement.performRebuild (package:flutter/src/widgets/framework.dart:5985:11)
#1048   Element.rebuild (package:flutter/src/widgets/framework.dart:5532:7)
#1049   StatefulElement.update (package:flutter/src/widgets/framework.dart:6010:5)
#1050   Element.updateChild (package:flutter/src/widgets/framework.dart:4037:15)
#1051   ComponentElement.performRebuild (package:flutter/src/widgets/framework.dart:5844:16)
#1052   StatefulElement.performRebuild (package:flutter/src/widgets/framework.dart:5985:11)
#1053   Element.rebuild (package:flutter/src/widgets/framework.dart:5532:7)
#1054   StatefulElement.update (package:flutter/src/widgets/framework.dart:6010:5)
#1055   Element.updateChild (package:flutter/src/widgets/framework.dart:4037:15)
#1056   ComponentElement.performRebuild (package:flutter/src/widgets/framework.dart:5844:16)
#1057   Element.rebuild (package:flutter/src/widgets/framework.dart:5532:7)
#1058   ProxyElement.update (package:flutter/src/widgets/framework.dart:6152:5)
#1059   Element.updateChild (package:flutter/src/widgets/framework.dart:4037:15)
#1060   ComponentElement.performRebuild (package:flutter/src/widgets/framework.dart:5844:16)
#1061   StatefulElement.performRebuild (package:flutter/src/widgets/framework.dart:5985:11)
#1062   Element.rebuild (package:flutter/src/widgets/framework.dart:5532:7)
#1063   StatefulElement.update (package:flutter/src/widgets/framework.dart:6010:5)
#1064   Element.updateChild (package:flutter/src/widgets/framework.dart:4037:15)
#1065   ComponentElement.performRebuild (package:flutter/src/widgets/framework.dart:5844:16)
#1066   Element.rebuild (package:flutter/src/widgets/framework.dart:5532:7)
#1067   ProxyElement.update (package:flutter/src/widgets/framework.dart:6152:5)
#1068   Element.updateChild (package:flutter/src/widgets/framework.dart:4037:15)
#1069   ComponentElement.performRebuild (package:flutter/src/widgets/framework.dart:5844:16)
#1070   Element.rebuild (package:flutter/src/widgets/framework.dart:5532:7)
#1071   ProxyElement.update (package:flutter/src/widgets/framework.dart:6152:5)
#1072   Element.updateChild (package:flutter/src/widgets/framework.dart:4037:15)
#1073   _RawViewElement._updateChild (package:flutter/src/widgets/view.dart:481:16)
#1074   _RawViewElement.update (package:flutter/src/widgets/view.dart:568:5)
#1075   Element.updateChild (package:flutter/src/widgets/framework.dart:4037:15)
#1076   ComponentElement.performRebuild (package:flutter/src/widgets/framework.dart:5844:16)
#1077   Element.rebuild (package:flutter/src/widgets/framework.dart:5532:7)
#1078   StatelessElement.update (package:flutter/src/widgets/framework.dart:5898:5)
#1079   Element.updateChild (package:flutter/src/widgets/framework.dart:4037:15)
#1080   ComponentElement.performRebuild (package:flutter/src/widgets/framework.dart:5844:16)
#1081   StatefulElement.performRebuild (package:flutter/src/widgets/framework.dart:5985:11)
#1082   Element.rebuild (package:flutter/src/widgets/framework.dart:5532:7)
#1083   StatefulElement.update (package:flutter/src/widgets/framework.dart:6010:5)
#1084   Element.updateChild (package:flutter/src/widgets/framework.dart:4037:15)
#1085   RootElement._rebuild (package:flutter/src/widgets/binding.dart:1782:16)
#1086   RootElement.update (package:flutter/src/widgets/binding.dart:1760:5)
#1087   RootElement.performRebuild (package:flutter/src/widgets/binding.dart:1774:7)
#1088   Element.rebuild (package:flutter/src/widgets/framework.dart:5532:7)
#1089   BuildScope._tryRebuild (package:flutter/src/widgets/framework.dart:2750:15)
#1090   BuildScope._flushDirtyElements (package:flutter/src/widgets/framework.dart:2807:11)
#1091   BuildOwner.buildScope (package:flutter/src/widgets/framework.dart:3111:18)
#1092   AutomatedTestWidgetsFlutterBinding.drawFrame (package:flutter_test/src/binding.dart:1506:19)
#1093   RendererBinding._handlePersistentFrameCallback (package:flutter/src/rendering/binding.dart:495:5)
#1094   SchedulerBinding._invokeFrameCallback (package:flutter/src/scheduler/binding.dart:1434:15)
#1095   SchedulerBinding.handleDrawFrame (package:flutter/src/scheduler/binding.dart:1347:9)
#1096   AutomatedTestWidgetsFlutterBinding.pump.<anonymous closure> (package:flutter_test/src/binding.dart:1335:9)
#1099   TestAsyncUtils.guard (package:flutter_test/src/test_async_utils.dart:74:41)
#1100   AutomatedTestWidgetsFlutterBinding.pump (package:flutter_test/src/binding.dart:1324:27)
#1101   WidgetTester.pumpWidget.<anonymous closure> (package:flutter_test/src/widget_tester.dart:598:22)
#1104   TestAsyncUtils.guard (package:flutter_test/src/test_async_utils.dart:74:41)
#1105   WidgetTester.pumpWidget (package:flutter_test/src/widget_tester.dart:595:27)
#1106   main.<anonymous closure>.<anonymous closure> (file:///Users/mehmetaliisik/Desktop/lessontracker/app/test/screens/home_screen_test.dart:157:20)
#1107   testWidgets.<anonymous closure>.<anonymous closure> (package:flutter_test/src/widget_tester.dart:192:29)
<asynchronous suspension>
#1108   TestWidgetsFlutterBinding._runTestBody (package:flutter_test/src/binding.dart:1059:5)
<asynchronous suspension>
<asynchronous suspension>
(elided 5 frames from dart:async and package:stack_trace)

════════════════════════════════════════════════════════════════════════════════════════════════════
══╡ EXCEPTION CAUGHT BY WIDGETS LIBRARY ╞═══════════════════════════════════════════════════════════
The following _TypeError was thrown building Consumer<MoodleProvider>(dirty, dependencies:
[_InheritedProviderScope<MoodleProvider?>]):
type 'Null' is not a subtype of type 'int'

The relevant error-causing widget was:
  Consumer<MoodleProvider>
  Consumer:file:///Users/mehmetaliisik/Desktop/lessontracker/app/lib/screens/home/widgets/home_bottom_nav.dart:71:24

When the exception was thrown, this was the stack:
#0      MockMoodleProvider.unreadCount (file:///Users/mehmetaliisik/Desktop/lessontracker/app/test/screens/home_screen_test.dart:31:7)
#1      HomeBottomNav.build.<anonymous closure> (package:lesson_tracker/screens/home/widgets/home_bottom_nav.dart:76:40)
#2      Consumer.buildWithChild (package:provider/src/consumer.dart:179:19)
#3      SingleChildStatelessWidget.build (package:nested/nested.dart:259:41)
#4      StatelessElement.build (package:flutter/src/widgets/framework.dart:5892:49)
#5      SingleChildStatelessElement.build (package:nested/nested.dart:279:18)
#6      ComponentElement.performRebuild (package:flutter/src/widgets/framework.dart:5820:15)
#7      Element.rebuild (package:flutter/src/widgets/framework.dart:5532:7)
#8      ComponentElement._firstBuild (package:flutter/src/widgets/framework.dart:5802:5)
#9      ComponentElement.mount (package:flutter/src/widgets/framework.dart:5796:5)
#10     SingleChildWidgetElementMixin.mount (package:nested/nested.dart:222:11)
...     Normal element mounting (7 frames)
#17     Element.inflateWidget (package:flutter/src/widgets/framework.dart:4590:20)
#18     MultiChildRenderObjectElement.inflateWidget (package:flutter/src/widgets/framework.dart:7269:36)
#19     MultiChildRenderObjectElement.mount (package:flutter/src/widgets/framework.dart:7285:32)
...     Normal element mounting (58 frames)
#77     Element.inflateWidget (package:flutter/src/widgets/framework.dart:4590:20)
#78     MultiChildRenderObjectElement.inflateWidget (package:flutter/src/widgets/framework.dart:7269:36)
#79     MultiChildRenderObjectElement.mount (package:flutter/src/widgets/framework.dart:7285:32)
...     Normal element mounting (372 frames)
#451    Element.inflateWidget (package:flutter/src/widgets/framework.dart:4590:20)
#452    MultiChildRenderObjectElement.inflateWidget (package:flutter/src/widgets/framework.dart:7269:36)
#453    MultiChildRenderObjectElement.mount (package:flutter/src/widgets/framework.dart:7285:32)
...     Normal element mounting (471 frames)
#924    _InheritedProviderScopeElement.mount (package:provider/src/inherited_provider.dart:424:11)
...     Normal element mounting (7 frames)
#931    _InheritedProviderScopeElement.mount (package:provider/src/inherited_provider.dart:424:11)
...     Normal element mounting (7 frames)
#938    _InheritedProviderScopeElement.mount (package:provider/src/inherited_provider.dart:424:11)
...     Normal element mounting (7 frames)
#945    _InheritedProviderScopeElement.mount (package:provider/src/inherited_provider.dart:424:11)
...     Normal element mounting (7 frames)
#952    _InheritedProviderScopeElement.mount (package:provider/src/inherited_provider.dart:424:11)
...     Normal element mounting (7 frames)
#959    _InheritedProviderScopeElement.mount (package:provider/src/inherited_provider.dart:424:11)
...     Normal element mounting (7 frames)
#966    _InheritedProviderScopeElement.mount (package:provider/src/inherited_provider.dart:424:11)
...     Normal element mounting (7 frames)
#973    _InheritedProviderScopeElement.mount (package:provider/src/inherited_provider.dart:424:11)
...     Normal element mounting (7 frames)
#980    _InheritedProviderScopeElement.mount (package:provider/src/inherited_provider.dart:424:11)
...     Normal element mounting (7 frames)
#987    SingleChildWidgetElementMixin.mount (package:nested/nested.dart:222:11)
...     Normal element mounting (7 frames)
#994    _NestedHookElement.mount (package:nested/nested.dart:187:11)
...     Normal element mounting (7 frames)
#1001   SingleChildWidgetElementMixin.mount (package:nested/nested.dart:222:11)
#1002   Element.inflateWidget (package:flutter/src/widgets/framework.dart:4590:20)
#1003   Element.updateChild (package:flutter/src/widgets/framework.dart:4053:20)
#1004   ComponentElement.performRebuild (package:flutter/src/widgets/framework.dart:5844:16)
#1005   Element.rebuild (package:flutter/src/widgets/framework.dart:5532:7)
#1006   ProxyElement.update (package:flutter/src/widgets/framework.dart:6152:5)
#1007   _InheritedNotifierElement.update (package:flutter/src/widgets/inherited_notifier.dart:108:11)
#1008   Element.updateChild (package:flutter/src/widgets/framework.dart:4037:15)
#1009   ComponentElement.performRebuild (package:flutter/src/widgets/framework.dart:5844:16)
#1010   StatefulElement.performRebuild (package:flutter/src/widgets/framework.dart:5985:11)
#1011   Element.rebuild (package:flutter/src/widgets/framework.dart:5532:7)
#1012   StatefulElement.update (package:flutter/src/widgets/framework.dart:6010:5)
#1013   Element.updateChild (package:flutter/src/widgets/framework.dart:4037:15)
#1014   ComponentElement.performRebuild (package:flutter/src/widgets/framework.dart:5844:16)
#1015   Element.rebuild (package:flutter/src/widgets/framework.dart:5532:7)
#1016   ProxyElement.update (package:flutter/src/widgets/framework.dart:6152:5)
#1017   _InheritedNotifierElement.update (package:flutter/src/widgets/inherited_notifier.dart:108:11)
#1018   Element.updateChild (package:flutter/src/widgets/framework.dart:4037:15)
#1019   ComponentElement.performRebuild (package:flutter/src/widgets/framework.dart:5844:16)
#1020   StatefulElement.performRebuild (package:flutter/src/widgets/framework.dart:5985:11)
#1021   Element.rebuild (package:flutter/src/widgets/framework.dart:5532:7)
#1022   StatefulElement.update (package:flutter/src/widgets/framework.dart:6010:5)
#1023   Element.updateChild (package:flutter/src/widgets/framework.dart:4037:15)
#1024   ComponentElement.performRebuild (package:flutter/src/widgets/framework.dart:5844:16)
#1025   StatefulElement.performRebuild (package:flutter/src/widgets/framework.dart:5985:11)
#1026   Element.rebuild (package:flutter/src/widgets/framework.dart:5532:7)
#1027   StatefulElement.update (package:flutter/src/widgets/framework.dart:6010:5)
#1028   Element.updateChild (package:flutter/src/widgets/framework.dart:4037:15)
#1029   ComponentElement.performRebuild (package:flutter/src/widgets/framework.dart:5844:16)
#1030   Element.rebuild (package:flutter/src/widgets/framework.dart:5532:7)
#1031   ProxyElement.update (package:flutter/src/widgets/framework.dart:6152:5)
#1032   Element.updateChild (package:flutter/src/widgets/framework.dart:4037:15)
#1033   ComponentElement.performRebuild (package:flutter/src/widgets/framework.dart:5844:16)
#1034   StatefulElement.performRebuild (package:flutter/src/widgets/framework.dart:5985:11)
#1035   Element.rebuild (package:flutter/src/widgets/framework.dart:5532:7)
#1036   StatefulElement.update (package:flutter/src/widgets/framework.dart:6010:5)
#1037   Element.updateChild (package:flutter/src/widgets/framework.dart:4037:15)
#1038   ComponentElement.performRebuild (package:flutter/src/widgets/framework.dart:5844:16)
#1039   Element.rebuild (package:flutter/src/widgets/framework.dart:5532:7)
#1040   ProxyElement.update (package:flutter/src/widgets/framework.dart:6152:5)
#1041   Element.updateChild (package:flutter/src/widgets/framework.dart:4037:15)
#1042   ComponentElement.performRebuild (package:flutter/src/widgets/framework.dart:5844:16)
#1043   Element.rebuild (package:flutter/src/widgets/framework.dart:5532:7)
#1044   ProxyElement.update (package:flutter/src/widgets/framework.dart:6152:5)
#1045   Element.updateChild (package:flutter/src/widgets/framework.dart:4037:15)
#1046   _RawViewElement._updateChild (package:flutter/src/widgets/view.dart:481:16)
#1047   _RawViewElement.update (package:flutter/src/widgets/view.dart:568:5)
#1048   Element.updateChild (package:flutter/src/widgets/framework.dart:4037:15)
#1049   ComponentElement.performRebuild (package:flutter/src/widgets/framework.dart:5844:16)
#1050   Element.rebuild (package:flutter/src/widgets/framework.dart:5532:7)
#1051   StatelessElement.update (package:flutter/src/widgets/framework.dart:5898:5)
#1052   Element.updateChild (package:flutter/src/widgets/framework.dart:4037:15)
#1053   ComponentElement.performRebuild (package:flutter/src/widgets/framework.dart:5844:16)
#1054   StatefulElement.performRebuild (package:flutter/src/widgets/framework.dart:5985:11)
#1055   Element.rebuild (package:flutter/src/widgets/framework.dart:5532:7)
#1056   StatefulElement.update (package:flutter/src/widgets/framework.dart:6010:5)
#1057   Element.updateChild (package:flutter/src/widgets/framework.dart:4037:15)
#1058   RootElement._rebuild (package:flutter/src/widgets/binding.dart:1782:16)
#1059   RootElement.update (package:flutter/src/widgets/binding.dart:1760:5)
#1060   RootElement.performRebuild (package:flutter/src/widgets/binding.dart:1774:7)
#1061   Element.rebuild (package:flutter/src/widgets/framework.dart:5532:7)
#1062   BuildScope._tryRebuild (package:flutter/src/widgets/framework.dart:2750:15)
#1063   BuildScope._flushDirtyElements (package:flutter/src/widgets/framework.dart:2807:11)
#1064   BuildOwner.buildScope (package:flutter/src/widgets/framework.dart:3111:18)
#1065   AutomatedTestWidgetsFlutterBinding.drawFrame (package:flutter_test/src/binding.dart:1506:19)
#1066   RendererBinding._handlePersistentFrameCallback (package:flutter/src/rendering/binding.dart:495:5)
#1067   SchedulerBinding._invokeFrameCallback (package:flutter/src/scheduler/binding.dart:1434:15)
#1068   SchedulerBinding.handleDrawFrame (package:flutter/src/scheduler/binding.dart:1347:9)
#1069   AutomatedTestWidgetsFlutterBinding.pump.<anonymous closure> (package:flutter_test/src/binding.dart:1335:9)
#1072   TestAsyncUtils.guard (package:flutter_test/src/test_async_utils.dart:74:41)
#1073   AutomatedTestWidgetsFlutterBinding.pump (package:flutter_test/src/binding.dart:1324:27)
#1074   WidgetTester.pumpWidget.<anonymous closure> (package:flutter_test/src/widget_tester.dart:598:22)
#1077   TestAsyncUtils.guard (package:flutter_test/src/test_async_utils.dart:74:41)
#1078   WidgetTester.pumpWidget (package:flutter_test/src/widget_tester.dart:595:27)
#1079   main.<anonymous closure>.<anonymous closure> (file:///Users/mehmetaliisik/Desktop/lessontracker/app/test/screens/home_screen_test.dart:157:20)
#1080   testWidgets.<anonymous closure>.<anonymous closure> (package:flutter_test/src/widget_tester.dart:192:29)
<asynchronous suspension>
#1081   TestWidgetsFlutterBinding._runTestBody (package:flutter_test/src/binding.dart:1059:5)
<asynchronous suspension>
<asynchronous suspension>
(elided 5 frames from dart:async and package:stack_trace)

════════════════════════════════════════════════════════════════════════════════════════════════════
══╡ EXCEPTION CAUGHT BY FLUTTER TEST FRAMEWORK ╞════════════════════════════════════════════════════
The following message was thrown:
Multiple exceptions (2) were detected during the running of the current test, and at least one was
unexpected.
════════════════════════════════════════════════════════════════════════════════════════════════════
00:02 +0 -2: HomeScreen Integration Tests Renders ScheduleCard when there are classes today [E]                                                                                                        
  Test failed. See exception logs above.
  The test description was: Renders ScheduleCard when there are classes today
  

To run this test again: /Users/mehmetaliisik/development/flutter/bin/cache/dart-sdk/bin/dart test /Users/mehmetaliisik/Desktop/lessontracker/app/test/screens/home_screen_test.dart -p vm --plain-name 'HomeScreen Integration Tests Renders ScheduleCard when there are classes today'
00:02 +0 -2: HomeScreen Integration Tests Renders sub-components correctly                                                                                                                             00:02 +0 -2: HomeScreen Integration Tests Renders sub-components correctly                                                                                                                             
══╡ EXCEPTION CAUGHT BY WIDGETS LIBRARY ╞═══════════════════════════════════════════════════════════
The following _TypeError was thrown building MoodleHubScreen(dirty, dependencies:
[InheritedCupertinoTheme, _InheritedProviderScope<MoodleProvider?>, _InheritedTheme,
_LocalizationsScope-[GlobalKey#e5d48]], state: _MoodleHubScreenState#55c91(ticker inactive)):
type 'Null' is not a subtype of type 'bool'

The relevant error-causing widget was:
  MoodleHubScreen
  MoodleHubScreen:file:///Users/mehmetaliisik/Desktop/lessontracker/app/lib/screens/home/home_screen.dart:330:25

When the exception was thrown, this was the stack:
#0      MockMoodleProvider.isLoading (file:///Users/mehmetaliisik/Desktop/lessontracker/app/test/screens/home_screen_test.dart:31:7)
#1      _MoodleHubScreenState.build (package:lesson_tracker/screens/moodle/moodle_hub_screen.dart:53:19)
#2      StatefulElement.build (package:flutter/src/widgets/framework.dart:5934:27)
#3      ComponentElement.performRebuild (package:flutter/src/widgets/framework.dart:5820:15)
#4      StatefulElement.performRebuild (package:flutter/src/widgets/framework.dart:5985:11)
#5      Element.rebuild (package:flutter/src/widgets/framework.dart:5532:7)
#6      ComponentElement._firstBuild (package:flutter/src/widgets/framework.dart:5802:5)
#7      StatefulElement._firstBuild (package:flutter/src/widgets/framework.dart:5976:11)
#8      ComponentElement.mount (package:flutter/src/widgets/framework.dart:5796:5)
...     Normal element mounting (39 frames)
#47     Element.inflateWidget (package:flutter/src/widgets/framework.dart:4590:20)
#48     MultiChildRenderObjectElement.inflateWidget (package:flutter/src/widgets/framework.dart:7269:36)
#49     MultiChildRenderObjectElement.mount (package:flutter/src/widgets/framework.dart:7285:32)
...     Normal element mounting (13 frames)
#62     Element.inflateWidget (package:flutter/src/widgets/framework.dart:4590:20)
#63     MultiChildRenderObjectElement.inflateWidget (package:flutter/src/widgets/framework.dart:7269:36)
#64     MultiChildRenderObjectElement.mount (package:flutter/src/widgets/framework.dart:7285:32)
...     Normal element mounting (40 frames)
#104    Element.inflateWidget (package:flutter/src/widgets/framework.dart:4590:20)
#105    MultiChildRenderObjectElement.inflateWidget (package:flutter/src/widgets/framework.dart:7269:36)
#106    MultiChildRenderObjectElement.mount (package:flutter/src/widgets/framework.dart:7285:32)
...     Normal element mounting (372 frames)
#478    Element.inflateWidget (package:flutter/src/widgets/framework.dart:4590:20)
#479    MultiChildRenderObjectElement.inflateWidget (package:flutter/src/widgets/framework.dart:7269:36)
#480    MultiChildRenderObjectElement.mount (package:flutter/src/widgets/framework.dart:7285:32)
...     Normal element mounting (471 frames)
#951    _InheritedProviderScopeElement.mount (package:provider/src/inherited_provider.dart:424:11)
...     Normal element mounting (7 frames)
#958    _InheritedProviderScopeElement.mount (package:provider/src/inherited_provider.dart:424:11)
...     Normal element mounting (7 frames)
#965    _InheritedProviderScopeElement.mount (package:provider/src/inherited_provider.dart:424:11)
...     Normal element mounting (7 frames)
#972    _InheritedProviderScopeElement.mount (package:provider/src/inherited_provider.dart:424:11)
...     Normal element mounting (7 frames)
#979    _InheritedProviderScopeElement.mount (package:provider/src/inherited_provider.dart:424:11)
...     Normal element mounting (7 frames)
#986    _InheritedProviderScopeElement.mount (package:provider/src/inherited_provider.dart:424:11)
...     Normal element mounting (7 frames)
#993    _InheritedProviderScopeElement.mount (package:provider/src/inherited_provider.dart:424:11)
...     Normal element mounting (7 frames)
#1000   _InheritedProviderScopeElement.mount (package:provider/src/inherited_provider.dart:424:11)
...     Normal element mounting (7 frames)
#1007   _InheritedProviderScopeElement.mount (package:provider/src/inherited_provider.dart:424:11)
...     Normal element mounting (7 frames)
#1014   SingleChildWidgetElementMixin.mount (package:nested/nested.dart:222:11)
...     Normal element mounting (7 frames)
#1021   _NestedHookElement.mount (package:nested/nested.dart:187:11)
...     Normal element mounting (7 frames)
#1028   SingleChildWidgetElementMixin.mount (package:nested/nested.dart:222:11)
#1029   Element.inflateWidget (package:flutter/src/widgets/framework.dart:4590:20)
#1030   Element.updateChild (package:flutter/src/widgets/framework.dart:4053:20)
#1031   ComponentElement.performRebuild (package:flutter/src/widgets/framework.dart:5844:16)
#1032   Element.rebuild (package:flutter/src/widgets/framework.dart:5532:7)
#1033   ProxyElement.update (package:flutter/src/widgets/framework.dart:6152:5)
#1034   _InheritedNotifierElement.update (package:flutter/src/widgets/inherited_notifier.dart:108:11)
#1035   Element.updateChild (package:flutter/src/widgets/framework.dart:4037:15)
#1036   ComponentElement.performRebuild (package:flutter/src/widgets/framework.dart:5844:16)
#1037   StatefulElement.performRebuild (package:flutter/src/widgets/framework.dart:5985:11)
#1038   Element.rebuild (package:flutter/src/widgets/framework.dart:5532:7)
#1039   StatefulElement.update (package:flutter/src/widgets/framework.dart:6010:5)
#1040   Element.updateChild (package:flutter/src/widgets/framework.dart:4037:15)
#1041   ComponentElement.performRebuild (package:flutter/src/widgets/framework.dart:5844:16)
#1042   Element.rebuild (package:flutter/src/widgets/framework.dart:5532:7)
#1043   ProxyElement.update (package:flutter/src/widgets/framework.dart:6152:5)
#1044   _InheritedNotifierElement.update (package:flutter/src/widgets/inherited_notifier.dart:108:11)
#1045   Element.updateChild (package:flutter/src/widgets/framework.dart:4037:15)
#1046   ComponentElement.performRebuild (package:flutter/src/widgets/framework.dart:5844:16)
#1047   StatefulElement.performRebuild (package:flutter/src/widgets/framework.dart:5985:11)
#1048   Element.rebuild (package:flutter/src/widgets/framework.dart:5532:7)
#1049   StatefulElement.update (package:flutter/src/widgets/framework.dart:6010:5)
#1050   Element.updateChild (package:flutter/src/widgets/framework.dart:4037:15)
#1051   ComponentElement.performRebuild (package:flutter/src/widgets/framework.dart:5844:16)
#1052   StatefulElement.performRebuild (package:flutter/src/widgets/framework.dart:5985:11)
#1053   Element.rebuild (package:flutter/src/widgets/framework.dart:5532:7)
#1054   StatefulElement.update (package:flutter/src/widgets/framework.dart:6010:5)
#1055   Element.updateChild (package:flutter/src/widgets/framework.dart:4037:15)
#1056   ComponentElement.performRebuild (package:flutter/src/widgets/framework.dart:5844:16)
#1057   Element.rebuild (package:flutter/src/widgets/framework.dart:5532:7)
#1058   ProxyElement.update (package:flutter/src/widgets/framework.dart:6152:5)
#1059   Element.updateChild (package:flutter/src/widgets/framework.dart:4037:15)
#1060   ComponentElement.performRebuild (package:flutter/src/widgets/framework.dart:5844:16)
#1061   StatefulElement.performRebuild (package:flutter/src/widgets/framework.dart:5985:11)
#1062   Element.rebuild (package:flutter/src/widgets/framework.dart:5532:7)
#1063   StatefulElement.update (package:flutter/src/widgets/framework.dart:6010:5)
#1064   Element.updateChild (package:flutter/src/widgets/framework.dart:4037:15)
#1065   ComponentElement.performRebuild (package:flutter/src/widgets/framework.dart:5844:16)
#1066   Element.rebuild (package:flutter/src/widgets/framework.dart:5532:7)
#1067   ProxyElement.update (package:flutter/src/widgets/framework.dart:6152:5)
#1068   Element.updateChild (package:flutter/src/widgets/framework.dart:4037:15)
#1069   ComponentElement.performRebuild (package:flutter/src/widgets/framework.dart:5844:16)
#1070   Element.rebuild (package:flutter/src/widgets/framework.dart:5532:7)
#1071   ProxyElement.update (package:flutter/src/widgets/framework.dart:6152:5)
#1072   Element.updateChild (package:flutter/src/widgets/framework.dart:4037:15)
#1073   _RawViewElement._updateChild (package:flutter/src/widgets/view.dart:481:16)
#1074   _RawViewElement.update (package:flutter/src/widgets/view.dart:568:5)
#1075   Element.updateChild (package:flutter/src/widgets/framework.dart:4037:15)
#1076   ComponentElement.performRebuild (package:flutter/src/widgets/framework.dart:5844:16)
#1077   Element.rebuild (package:flutter/src/widgets/framework.dart:5532:7)
#1078   StatelessElement.update (package:flutter/src/widgets/framework.dart:5898:5)
#1079   Element.updateChild (package:flutter/src/widgets/framework.dart:4037:15)
#1080   ComponentElement.performRebuild (package:flutter/src/widgets/framework.dart:5844:16)
#1081   StatefulElement.performRebuild (package:flutter/src/widgets/framework.dart:5985:11)
#1082   Element.rebuild (package:flutter/src/widgets/framework.dart:5532:7)
#1083   StatefulElement.update (package:flutter/src/widgets/framework.dart:6010:5)
#1084   Element.updateChild (package:flutter/src/widgets/framework.dart:4037:15)
#1085   RootElement._rebuild (package:flutter/src/widgets/binding.dart:1782:16)
#1086   RootElement.update (package:flutter/src/widgets/binding.dart:1760:5)
#1087   RootElement.performRebuild (package:flutter/src/widgets/binding.dart:1774:7)
#1088   Element.rebuild (package:flutter/src/widgets/framework.dart:5532:7)
#1089   BuildScope._tryRebuild (package:flutter/src/widgets/framework.dart:2750:15)
#1090   BuildScope._flushDirtyElements (package:flutter/src/widgets/framework.dart:2807:11)
#1091   BuildOwner.buildScope (package:flutter/src/widgets/framework.dart:3111:18)
#1092   AutomatedTestWidgetsFlutterBinding.drawFrame (package:flutter_test/src/binding.dart:1506:19)
#1093   RendererBinding._handlePersistentFrameCallback (package:flutter/src/rendering/binding.dart:495:5)
#1094   SchedulerBinding._invokeFrameCallback (package:flutter/src/scheduler/binding.dart:1434:15)
#1095   SchedulerBinding.handleDrawFrame (package:flutter/src/scheduler/binding.dart:1347:9)
#1096   AutomatedTestWidgetsFlutterBinding.pump.<anonymous closure> (package:flutter_test/src/binding.dart:1335:9)
#1099   TestAsyncUtils.guard (package:flutter_test/src/test_async_utils.dart:74:41)
#1100   AutomatedTestWidgetsFlutterBinding.pump (package:flutter_test/src/binding.dart:1324:27)
#1101   WidgetTester.pumpWidget.<anonymous closure> (package:flutter_test/src/widget_tester.dart:598:22)
#1104   TestAsyncUtils.guard (package:flutter_test/src/test_async_utils.dart:74:41)
#1105   WidgetTester.pumpWidget (package:flutter_test/src/widget_tester.dart:595:27)
#1106   main.<anonymous closure>.<anonymous closure> (file:///Users/mehmetaliisik/Desktop/lessontracker/app/test/screens/home_screen_test.dart:176:20)
#1107   testWidgets.<anonymous closure>.<anonymous closure> (package:flutter_test/src/widget_tester.dart:192:29)
<asynchronous suspension>
#1108   TestWidgetsFlutterBinding._runTestBody (package:flutter_test/src/binding.dart:1059:5)
<asynchronous suspension>
<asynchronous suspension>
(elided 5 frames from dart:async and package:stack_trace)

════════════════════════════════════════════════════════════════════════════════════════════════════
══╡ EXCEPTION CAUGHT BY WIDGETS LIBRARY ╞═══════════════════════════════════════════════════════════
The following _TypeError was thrown building Consumer<MoodleProvider>(dirty, dependencies:
[_InheritedProviderScope<MoodleProvider?>]):
type 'Null' is not a subtype of type 'int'

The relevant error-causing widget was:
  Consumer<MoodleProvider>
  Consumer:file:///Users/mehmetaliisik/Desktop/lessontracker/app/lib/screens/home/widgets/home_bottom_nav.dart:71:24

When the exception was thrown, this was the stack:
#0      MockMoodleProvider.unreadCount (file:///Users/mehmetaliisik/Desktop/lessontracker/app/test/screens/home_screen_test.dart:31:7)
#1      HomeBottomNav.build.<anonymous closure> (package:lesson_tracker/screens/home/widgets/home_bottom_nav.dart:76:40)
#2      Consumer.buildWithChild (package:provider/src/consumer.dart:179:19)
#3      SingleChildStatelessWidget.build (package:nested/nested.dart:259:41)
#4      StatelessElement.build (package:flutter/src/widgets/framework.dart:5892:49)
#5      SingleChildStatelessElement.build (package:nested/nested.dart:279:18)
#6      ComponentElement.performRebuild (package:flutter/src/widgets/framework.dart:5820:15)
#7      Element.rebuild (package:flutter/src/widgets/framework.dart:5532:7)
#8      ComponentElement._firstBuild (package:flutter/src/widgets/framework.dart:5802:5)
#9      ComponentElement.mount (package:flutter/src/widgets/framework.dart:5796:5)
#10     SingleChildWidgetElementMixin.mount (package:nested/nested.dart:222:11)
...     Normal element mounting (7 frames)
#17     Element.inflateWidget (package:flutter/src/widgets/framework.dart:4590:20)
#18     MultiChildRenderObjectElement.inflateWidget (package:flutter/src/widgets/framework.dart:7269:36)
#19     MultiChildRenderObjectElement.mount (package:flutter/src/widgets/framework.dart:7285:32)
...     Normal element mounting (58 frames)
#77     Element.inflateWidget (package:flutter/src/widgets/framework.dart:4590:20)
#78     MultiChildRenderObjectElement.inflateWidget (package:flutter/src/widgets/framework.dart:7269:36)
#79     MultiChildRenderObjectElement.mount (package:flutter/src/widgets/framework.dart:7285:32)
...     Normal element mounting (372 frames)
#451    Element.inflateWidget (package:flutter/src/widgets/framework.dart:4590:20)
#452    MultiChildRenderObjectElement.inflateWidget (package:flutter/src/widgets/framework.dart:7269:36)
#453    MultiChildRenderObjectElement.mount (package:flutter/src/widgets/framework.dart:7285:32)
...     Normal element mounting (471 frames)
#924    _InheritedProviderScopeElement.mount (package:provider/src/inherited_provider.dart:424:11)
...     Normal element mounting (7 frames)
#931    _InheritedProviderScopeElement.mount (package:provider/src/inherited_provider.dart:424:11)
...     Normal element mounting (7 frames)
#938    _InheritedProviderScopeElement.mount (package:provider/src/inherited_provider.dart:424:11)
...     Normal element mounting (7 frames)
#945    _InheritedProviderScopeElement.mount (package:provider/src/inherited_provider.dart:424:11)
...     Normal element mounting (7 frames)
#952    _InheritedProviderScopeElement.mount (package:provider/src/inherited_provider.dart:424:11)
...     Normal element mounting (7 frames)
#959    _InheritedProviderScopeElement.mount (package:provider/src/inherited_provider.dart:424:11)
...     Normal element mounting (7 frames)
#966    _InheritedProviderScopeElement.mount (package:provider/src/inherited_provider.dart:424:11)
...     Normal element mounting (7 frames)
#973    _InheritedProviderScopeElement.mount (package:provider/src/inherited_provider.dart:424:11)
...     Normal element mounting (7 frames)
#980    _InheritedProviderScopeElement.mount (package:provider/src/inherited_provider.dart:424:11)
...     Normal element mounting (7 frames)
#987    SingleChildWidgetElementMixin.mount (package:nested/nested.dart:222:11)
...     Normal element mounting (7 frames)
#994    _NestedHookElement.mount (package:nested/nested.dart:187:11)
...     Normal element mounting (7 frames)
#1001   SingleChildWidgetElementMixin.mount (package:nested/nested.dart:222:11)
#1002   Element.inflateWidget (package:flutter/src/widgets/framework.dart:4590:20)
#1003   Element.updateChild (package:flutter/src/widgets/framework.dart:4053:20)
#1004   ComponentElement.performRebuild (package:flutter/src/widgets/framework.dart:5844:16)
#1005   Element.rebuild (package:flutter/src/widgets/framework.dart:5532:7)
#1006   ProxyElement.update (package:flutter/src/widgets/framework.dart:6152:5)
#1007   _InheritedNotifierElement.update (package:flutter/src/widgets/inherited_notifier.dart:108:11)
#1008   Element.updateChild (package:flutter/src/widgets/framework.dart:4037:15)
#1009   ComponentElement.performRebuild (package:flutter/src/widgets/framework.dart:5844:16)
#1010   StatefulElement.performRebuild (package:flutter/src/widgets/framework.dart:5985:11)
#1011   Element.rebuild (package:flutter/src/widgets/framework.dart:5532:7)
#1012   StatefulElement.update (package:flutter/src/widgets/framework.dart:6010:5)
#1013   Element.updateChild (package:flutter/src/widgets/framework.dart:4037:15)
#1014   ComponentElement.performRebuild (package:flutter/src/widgets/framework.dart:5844:16)
#1015   Element.rebuild (package:flutter/src/widgets/framework.dart:5532:7)
#1016   ProxyElement.update (package:flutter/src/widgets/framework.dart:6152:5)
#1017   _InheritedNotifierElement.update (package:flutter/src/widgets/inherited_notifier.dart:108:11)
#1018   Element.updateChild (package:flutter/src/widgets/framework.dart:4037:15)
#1019   ComponentElement.performRebuild (package:flutter/src/widgets/framework.dart:5844:16)
#1020   StatefulElement.performRebuild (package:flutter/src/widgets/framework.dart:5985:11)
#1021   Element.rebuild (package:flutter/src/widgets/framework.dart:5532:7)
#1022   StatefulElement.update (package:flutter/src/widgets/framework.dart:6010:5)
#1023   Element.updateChild (package:flutter/src/widgets/framework.dart:4037:15)
#1024   ComponentElement.performRebuild (package:flutter/src/widgets/framework.dart:5844:16)
#1025   StatefulElement.performRebuild (package:flutter/src/widgets/framework.dart:5985:11)
#1026   Element.rebuild (package:flutter/src/widgets/framework.dart:5532:7)
#1027   StatefulElement.update (package:flutter/src/widgets/framework.dart:6010:5)
#1028   Element.updateChild (package:flutter/src/widgets/framework.dart:4037:15)
#1029   ComponentElement.performRebuild (package:flutter/src/widgets/framework.dart:5844:16)
#1030   Element.rebuild (package:flutter/src/widgets/framework.dart:5532:7)
#1031   ProxyElement.update (package:flutter/src/widgets/framework.dart:6152:5)
#1032   Element.updateChild (package:flutter/src/widgets/framework.dart:4037:15)
#1033   ComponentElement.performRebuild (package:flutter/src/widgets/framework.dart:5844:16)
#1034   StatefulElement.performRebuild (package:flutter/src/widgets/framework.dart:5985:11)
#1035   Element.rebuild (package:flutter/src/widgets/framework.dart:5532:7)
#1036   StatefulElement.update (package:flutter/src/widgets/framework.dart:6010:5)
#1037   Element.updateChild (package:flutter/src/widgets/framework.dart:4037:15)
#1038   ComponentElement.performRebuild (package:flutter/src/widgets/framework.dart:5844:16)
#1039   Element.rebuild (package:flutter/src/widgets/framework.dart:5532:7)
#1040   ProxyElement.update (package:flutter/src/widgets/framework.dart:6152:5)
#1041   Element.updateChild (package:flutter/src/widgets/framework.dart:4037:15)
#1042   ComponentElement.performRebuild (package:flutter/src/widgets/framework.dart:5844:16)
#1043   Element.rebuild (package:flutter/src/widgets/framework.dart:5532:7)
#1044   ProxyElement.update (package:flutter/src/widgets/framework.dart:6152:5)
#1045   Element.updateChild (package:flutter/src/widgets/framework.dart:4037:15)
#1046   _RawViewElement._updateChild (package:flutter/src/widgets/view.dart:481:16)
#1047   _RawViewElement.update (package:flutter/src/widgets/view.dart:568:5)
#1048   Element.updateChild (package:flutter/src/widgets/framework.dart:4037:15)
#1049   ComponentElement.performRebuild (package:flutter/src/widgets/framework.dart:5844:16)
#1050   Element.rebuild (package:flutter/src/widgets/framework.dart:5532:7)
#1051   StatelessElement.update (package:flutter/src/widgets/framework.dart:5898:5)
#1052   Element.updateChild (package:flutter/src/widgets/framework.dart:4037:15)
#1053   ComponentElement.performRebuild (package:flutter/src/widgets/framework.dart:5844:16)
#1054   StatefulElement.performRebuild (package:flutter/src/widgets/framework.dart:5985:11)
#1055   Element.rebuild (package:flutter/src/widgets/framework.dart:5532:7)
#1056   StatefulElement.update (package:flutter/src/widgets/framework.dart:6010:5)
#1057   Element.updateChild (package:flutter/src/widgets/framework.dart:4037:15)
#1058   RootElement._rebuild (package:flutter/src/widgets/binding.dart:1782:16)
#1059   RootElement.update (package:flutter/src/widgets/binding.dart:1760:5)
#1060   RootElement.performRebuild (package:flutter/src/widgets/binding.dart:1774:7)
#1061   Element.rebuild (package:flutter/src/widgets/framework.dart:5532:7)
#1062   BuildScope._tryRebuild (package:flutter/src/widgets/framework.dart:2750:15)
#1063   BuildScope._flushDirtyElements (package:flutter/src/widgets/framework.dart:2807:11)
#1064   BuildOwner.buildScope (package:flutter/src/widgets/framework.dart:3111:18)
#1065   AutomatedTestWidgetsFlutterBinding.drawFrame (package:flutter_test/src/binding.dart:1506:19)
#1066   RendererBinding._handlePersistentFrameCallback (package:flutter/src/rendering/binding.dart:495:5)
#1067   SchedulerBinding._invokeFrameCallback (package:flutter/src/scheduler/binding.dart:1434:15)
#1068   SchedulerBinding.handleDrawFrame (package:flutter/src/scheduler/binding.dart:1347:9)
#1069   AutomatedTestWidgetsFlutterBinding.pump.<anonymous closure> (package:flutter_test/src/binding.dart:1335:9)
#1072   TestAsyncUtils.guard (package:flutter_test/src/test_async_utils.dart:74:41)
#1073   AutomatedTestWidgetsFlutterBinding.pump (package:flutter_test/src/binding.dart:1324:27)
#1074   WidgetTester.pumpWidget.<anonymous closure> (package:flutter_test/src/widget_tester.dart:598:22)
#1077   TestAsyncUtils.guard (package:flutter_test/src/test_async_utils.dart:74:41)
#1078   WidgetTester.pumpWidget (package:flutter_test/src/widget_tester.dart:595:27)
#1079   main.<anonymous closure>.<anonymous closure> (file:///Users/mehmetaliisik/Desktop/lessontracker/app/test/screens/home_screen_test.dart:176:20)
#1080   testWidgets.<anonymous closure>.<anonymous closure> (package:flutter_test/src/widget_tester.dart:192:29)
<asynchronous suspension>
#1081   TestWidgetsFlutterBinding._runTestBody (package:flutter_test/src/binding.dart:1059:5)
<asynchronous suspension>
<asynchronous suspension>
(elided 5 frames from dart:async and package:stack_trace)

════════════════════════════════════════════════════════════════════════════════════════════════════
══╡ EXCEPTION CAUGHT BY FLUTTER TEST FRAMEWORK ╞════════════════════════════════════════════════════
The following message was thrown:
Multiple exceptions (2) were detected during the running of the current test, and at least one was
unexpected.
════════════════════════════════════════════════════════════════════════════════════════════════════
00:02 +0 -3: HomeScreen Integration Tests Renders sub-components correctly [E]                                                                                                                         
  Test failed. See exception logs above.
  The test description was: Renders sub-components correctly
  

To run this test again: /Users/mehmetaliisik/development/flutter/bin/cache/dart-sdk/bin/dart test /Users/mehmetaliisik/Desktop/lessontracker/app/test/screens/home_screen_test.dart -p vm --plain-name 'HomeScreen Integration Tests Renders sub-components correctly'
00:02 +0 -3: (tearDownAll)                                                                                                                                                                             00:02 +0 -3: Some tests failed.                                                                                                                                                                        
